C:\Users\Fernpe2\Documents\OneDrive - The British School in The Netherlands\Year 10\Computing\Github\repos\discordregionalindicators\RIScript.py
C:\Users\Fernpe2\Documents\OneDrive - The British School in The Netherlands\Year 10\Computing\Onenote\Programming\Algorithms\Alphabet Level Input.py
C:\Users\Fernpe2\Downloads\RIScript\app.py
C:\Users\Fernpe2\Downloads\MMGV2.1\main.py
C:\Users\Fernpe2\Downloads\MMGV2\MMGV2.py
C:\Users\Fernpe2\Documents\OneDrive - The British School in The Netherlands\Year 10\Computing\Onenote\Programming\Functions\functionstest.py
C:\Users\Fernpe2\Documents\OneDrive - The British School in The Netherlands\Year 10\Computing\marcus\RandomProjects\donut.py
C:\Users\Fernpe2\Documents\OneDrive - The British School in The Netherlands\Year 10\Computing\marcus\RandomProjects\snake.py
C:\Users\Fernpe2\Documents\OneDrive - The British School in The Netherlands\Year 10\Computing\test\first cs test yr11 trying in python.py
C:\Users\Fernpe2\Documents\OneDrive - The British School in The Netherlands\Year 10\Computing\Onenote\Programming\Math Test\dantemathtest.py
C:\Users\Fernpe2\Documents\OneDrive - The British School in The Netherlands\Year 10\Computing\PyCharm\Pancakey2SE\pancakey2SE2.py
C:\Users\Fernpe2\Documents\OneDrive - The British School in The Netherlands\Year 10\Computing\PyCharm\Pancakey2SE\pancakey2SE.py
C:\Users\Fernpe2\Documents\OneDrive - The British School in The Netherlands\Year 10\Computing\Python Challenges\Names List\names list.py
C:\Users\Fernpe2\Documents\OneDrive - The British School in The Netherlands\Year 10\Computing\Python Challenges\Pizza Ordering System.py
C:\Users\Fernpe2\Downloads\auto-pancakes-master\auto-pancakes-master\autopancakes.py
C:\Users\Fernpe2\Documents\OneDrive - The British School in The Netherlands\Year 10\Computing\Onenote\Programming\File Editing\CSV\writingcsvfiles2.py
C:\Users\Fernpe2\Documents\OneDrive - The British School in The Netherlands\Year 10\Computing\Onenote\Programming\File Editing\CSV\CSVediting.py
C:\Users\Fernpe2\Documents\OneDrive - The British School in The Netherlands\Year 10\Computing\Onenote\Programming\File Editing\CSV\activity 8.2.3.py
C:\Users\Fernpe2\Documents\OneDrive - The British School in The Netherlands\Year 10\Computing\Onenote\Programming\File Editing\CSV\scores.py
C:\Users\Fernpe2\Downloads\pixelmonpi.py
C:\Users\Fernpe2\Documents\OneDrive - The British School in The Netherlands\Year 10\Computing\PyCharm\gmailcheck\quickstart.py
